// Jest Snapshot v1, https://goo.gl/fbAQLP

exports[`Given the ConnectionStatus component when the component is rendered should match the snapshot 1`] = `
<DocumentFragment>
  <div
    class="sc-bdnxRM fKxuPN"
  />
</DocumentFragment>
`;
