// Jest Snapshot v1, https://goo.gl/fbAQLP

exports[`Given the SidebarFooter component when the component is rendered should match the snapshot 1`] = `
<DocumentFragment>
  <footer
    class="sc-bdnxRM khlXFm"
  >
    <a
      class="sc-gtsrHT hlaaip"
      href="https://onomy.io/"
      target="_blank"
    >
      About Onomy
    </a>
    <a
      class="sc-dlnjwi ybHLZ"
      href="https://medium.com/onomy-protocol"
      target="_blank"
    >
      <svg
        viewBox="0 0 20 20"
        xmlns="http://www.w3.org/2000/svg"
      >
        <g
          opacity="0.5"
        >
          <path
            d="M0 0h20v20H0z"
            fill="none"
          />
          <path
            d="M11.281 9.979A5.641 5.641 0 115.641 4.3a5.66 5.66 0 015.641 5.679m6.188 0c0 2.952-1.263 5.347-2.82 5.347s-2.82-2.394-2.82-5.347 1.261-5.346 2.818-5.346 2.82 2.394 2.82 5.347m2.531 0c0 2.645-.444 4.79-.992 4.79s-.992-2.145-.992-4.79.445-4.79.993-4.79S20 7.334 20 9.979"
            fill="#8d89a3"
          />
        </g>
      </svg>
    </a>
    <a
      class="sc-dlnjwi ybHLZ"
      href="https://twitter.com/onomyprotocol"
      target="_blank"
    >
      <svg
        viewBox="0 0 20 20"
        xmlns="http://www.w3.org/2000/svg"
      >
        <path
          d="M0 0h20v20H0z"
          fill="none"
        />
        <path
          d="M16.555 6.438v.46a10.4 10.4 0 01-.66 3.6 10.744 10.744 0 01-1.961 3.282 9.729 9.729 0 01-3.2 2.4 10.445 10.445 0 01-4.383.921 10.247 10.247 0 01-2.922-.42 9.937 9.937 0 01-2.6-1.181q.42.041.86.04a7.14 7.14 0 002.381-.4 7.457 7.457 0 002.081-1.121 3.592 3.592 0 01-2.081-.73 3.463 3.463 0 01-1.261-1.771 3.579 3.579 0 00.66.06 3.7 3.7 0 00.941-.12 3.472 3.472 0 01-1.461-.67 3.567 3.567 0 01-1.031-1.261 3.749 3.749 0 01-.39-1.591v-.06a3.369 3.369 0 001.641.46 3.617 3.617 0 01-1.171-1.291 3.517 3.517 0 01-.43-1.711 3.574 3.574 0 01.48-1.8 10.262 10.262 0 007.4 3.762 4.156 4.156 0 01-.08-.82 3.5 3.5 0 01.48-1.8 3.627 3.627 0 011.311-1.311 3.462 3.462 0 011.791-.49 3.563 3.563 0 012.622 1.141 6.994 6.994 0 002.281-.881 3.481 3.481 0 01-.61 1.151 3.694 3.694 0 01-.971.851 7.316 7.316 0 002.081-.58 7.525 7.525 0 01-1.798 1.881z"
          fill="#8d89a3"
          opacity="0.5"
        />
      </svg>
    </a>
  </footer>
</DocumentFragment>
`;
