// Jest Snapshot v1, https://goo.gl/fbAQLP

exports[`Given the SidebarHeader component when the component is rendered and account is defined should match the snapshot 1`] = `
<DocumentFragment>
  <header
    class="sc-gtsrHT cWvxos"
  >
    <a
      class="sc-bdnxRM fDEryd"
    >
      <svg
        viewBox="0 0 20 20"
        xmlns="http://www.w3.org/2000/svg"
      >
        <path
          d="M0 0h20v20H0z"
          fill="none"
        />
        <path
          d="M10.519 17.348H9.484a1.538 1.538 0 01-1.582-1.526 1.417 1.417 0 00-1.4-1.355 1.176 1.176 0 00-.669.172 1.61 1.61 0 01-.804.221 1.58 1.58 0 01-1.354-.774l-.525-.894a1.492 1.492 0 01-.021-1.524 1.569 1.569 0 01.608-.588 1.23 1.23 0 00.48-.476 1.327 1.327 0 00.141-1.016 1.367 1.367 0 00-.629-.845 1.522 1.522 0 01-.567-2.107l.509-.876a1.58 1.58 0 012.145-.565 1.41 1.41 0 00.668.167 1.458 1.458 0 001.245-.684 1.145 1.145 0 00.176-.655 1.331 1.331 0 01.21-.789 1.64 1.64 0 011.346-.774h1.068a1.6 1.6 0 011.359.774 1.326 1.326 0 01.205.789 1.15 1.15 0 00.175.655 1.462 1.462 0 001.245.68 1.433 1.433 0 00.673-.167 1.571 1.571 0 012.138.565l.509.878a1.509 1.509 0 01-.563 2.107 1.362 1.362 0 00-.635.847 1.318 1.318 0 00.148 1.014 1.169 1.169 0 00.472.476 1.717 1.717 0 01.616.588 1.512 1.512 0 01-.015 1.526l-.533.894a1.562 1.562 0 01-2.153.551 1.207 1.207 0 00-.669-.172 1.414 1.414 0 00-1.408 1.355 1.534 1.534 0 01-1.574 1.528zm-.51-9.543a2.136 2.136 0 00-2.161 2.107A2.057 2.057 0 008.48 11.4a2.181 2.181 0 001.528.611 2.1 2.1 0 001.521-3.591 2.142 2.142 0 00-1.52-.615z"
          fill="#8d89a3"
        />
      </svg>
    </a>
    <img
      alt=""
      class="sc-dlnjwi gppAIF"
      src="https://picsum.photos/72"
    />
    <a
      class="sc-bdnxRM fDEryd"
    >
      <svg
        viewBox="0 0 20 20"
        xmlns="http://www.w3.org/2000/svg"
      >
        <path
          d="M0 0h20v20H0z"
          fill="none"
        />
        <path
          d="M18.643 10.674l-3.367 3.3a.987.987 0 01-1.4-1.392l1.137-1.129c.259-.257.173-.465-.192-.465H10.3a.984.984 0 110-1.968h4.525c.363 0 .451-.208.192-.466L13.88 7.425a.987.987 0 011.4-1.392l3.359 3.262a.957.957 0 01.004 1.379zM5.365 14.936h1.977a.987.987 0 110 1.974H4.379a1.317 1.317 0 01-1.314-1.316V4.41a1.317 1.317 0 011.314-1.316h2.963a.987.987 0 110 1.974H5.365a.327.327 0 00-.33.328v9.214a.329.329 0 00.33.326z"
          fill="#8d89a3"
          fill-rule="evenodd"
        />
      </svg>
    </a>
    <div
      class="sc-hKFxyN dqEzzQ"
    >
      <p>
        My Account
      </p>
      <span>
        123456...9012
      </span>
    </div>
  </header>
</DocumentFragment>
`;

exports[`Given the SidebarHeader component when the component is rendered and account is null should match the snapshot 1`] = `
<DocumentFragment>
  <header
    class="sc-gtsrHT cWvxos"
  >
    <a
      class="sc-bdnxRM fDEryd"
    >
      <svg
        viewBox="0 0 20 20"
        xmlns="http://www.w3.org/2000/svg"
      >
        <path
          d="M0 0h20v20H0z"
          fill="none"
        />
        <path
          d="M10.519 17.348H9.484a1.538 1.538 0 01-1.582-1.526 1.417 1.417 0 00-1.4-1.355 1.176 1.176 0 00-.669.172 1.61 1.61 0 01-.804.221 1.58 1.58 0 01-1.354-.774l-.525-.894a1.492 1.492 0 01-.021-1.524 1.569 1.569 0 01.608-.588 1.23 1.23 0 00.48-.476 1.327 1.327 0 00.141-1.016 1.367 1.367 0 00-.629-.845 1.522 1.522 0 01-.567-2.107l.509-.876a1.58 1.58 0 012.145-.565 1.41 1.41 0 00.668.167 1.458 1.458 0 001.245-.684 1.145 1.145 0 00.176-.655 1.331 1.331 0 01.21-.789 1.64 1.64 0 011.346-.774h1.068a1.6 1.6 0 011.359.774 1.326 1.326 0 01.205.789 1.15 1.15 0 00.175.655 1.462 1.462 0 001.245.68 1.433 1.433 0 00.673-.167 1.571 1.571 0 012.138.565l.509.878a1.509 1.509 0 01-.563 2.107 1.362 1.362 0 00-.635.847 1.318 1.318 0 00.148 1.014 1.169 1.169 0 00.472.476 1.717 1.717 0 01.616.588 1.512 1.512 0 01-.015 1.526l-.533.894a1.562 1.562 0 01-2.153.551 1.207 1.207 0 00-.669-.172 1.414 1.414 0 00-1.408 1.355 1.534 1.534 0 01-1.574 1.528zm-.51-9.543a2.136 2.136 0 00-2.161 2.107A2.057 2.057 0 008.48 11.4a2.181 2.181 0 001.528.611 2.1 2.1 0 001.521-3.591 2.142 2.142 0 00-1.52-.615z"
          fill="#8d89a3"
        />
      </svg>
    </a>
    <img
      alt=""
      class="sc-dlnjwi gppAIF"
      src="https://picsum.photos/72"
    />
    <a
      class="sc-bdnxRM fDEryd"
    >
      <svg
        viewBox="0 0 20 20"
        xmlns="http://www.w3.org/2000/svg"
      >
        <path
          d="M0 0h20v20H0z"
          fill="none"
        />
        <path
          d="M18.643 10.674l-3.367 3.3a.987.987 0 01-1.4-1.392l1.137-1.129c.259-.257.173-.465-.192-.465H10.3a.984.984 0 110-1.968h4.525c.363 0 .451-.208.192-.466L13.88 7.425a.987.987 0 011.4-1.392l3.359 3.262a.957.957 0 01.004 1.379zM5.365 14.936h1.977a.987.987 0 110 1.974H4.379a1.317 1.317 0 01-1.314-1.316V4.41a1.317 1.317 0 011.314-1.316h2.963a.987.987 0 110 1.974H5.365a.327.327 0 00-.33.328v9.214a.329.329 0 00.33.326z"
          fill="#8d89a3"
          fill-rule="evenodd"
        />
      </svg>
    </a>
    <div
      class="sc-hKFxyN dqEzzQ"
    >
      <p>
        My Account
      </p>
      <span>
        -
      </span>
    </div>
  </header>
</DocumentFragment>
`;
