// Jest Snapshot v1, https://goo.gl/fbAQLP

exports[`Given the SidebarBalances component when the component is rendered should match the snapshot 1`] = `
<DocumentFragment>
  <div
    class="sc-kLojOw iGHpAL"
  >
    <div
      class="sc-jJMGnK cwMWz"
    >
      <div
        class="sc-hiKfDv"
      >
        <strong>
          ETH Balance
        </strong>
        <div
          class="sc-iklJeh bswktC"
        >
          100
          <small>
             = $16,208.04
          </small>
        </div>
      </div>
      <div
        class="sc-gXfVKN"
      >
        <a
          class="sc-cBoqAE hsnkhy"
        >
          i
        </a>
      </div>
    </div>
    <div
      class="sc-jJMGnK cwMWz"
    >
      <div
        class="sc-hiKfDv"
      >
        <strong>
          NOM Balance
        </strong>
        <div
          class="sc-iklJeh kmvZaR"
        >
          50
          <small>
             = $16,208.04
          </small>
          <div
            class="sc-ciSkZP dqkmvq"
          >
            <span>
              1,042 approved
            </span>
            <svg
              height="20"
              viewBox="0 0 20 20"
              width="20"
              xmlns="http://www.w3.org/2000/svg"
            >
              <g
                transform="translate(5 5.833)"
              >
                <path
                  class="cls-2"
                  d="M7.3.32a1.093 1.093 0 011.652 1.423l-.106.123-6.981 6.981A1.093 1.093 0 01.214 7.424L.32 7.3z"
                />
                <path
                  class="cls-2"
                  d="M.32.32A1.092 1.092 0 011.742.214l.122.106L8.847 7.3a1.092 1.092 0 01-1.422 1.65L7.3 8.847.32 1.864A1.092 1.092 0 01.32.32z"
                />
              </g>
            </svg>
          </div>
        </div>
      </div>
      <div
        class="sc-gXfVKN"
      >
        <a
          class="sc-cBoqAE hsnkhy"
        >
          i
        </a>
      </div>
    </div>
    <div
      class="sc-jcwpoC jwrGsS"
    >
      <button
        class="sc-hKFxyN hQFwnH"
        style="width: 100%;"
      >
        Withdraw wNOM
      </button>
    </div>
  </div>
</DocumentFragment>
`;
